
 Start  Stop   Length Name               Class

 00000H 013D6H 013D7H _TEXT              CODE
 013E0H 013E0H 00000H _FARDATA           FAR_DATA
 013E0H 013E5H 00006H _INIT_             INITDATA
 013E6H 013E6H 00000H _INITEND_          INITDATA
 013E6H 013E6H 00000H _EXIT_             EXITDATA
 013E6H 013E6H 00000H _EXITEND_          EXITDATA
 013F0H 01659H 0026AH _DATA              DATA
 0165AH 0165AH 00000H _CVTSEG            DATA
 0165AH 0165AH 00000H _SCNSEG            DATA
 0165AH 01699H 00040H _BSS               BSS
 0169AH 0169AH 00000H _BSSEND            ENDBSS
 016A0H 0199FH 00300H STACK              STACK


Detailed map of segments

 0000:0000 0311 C=CODE   S=_TEXT          G=DGROUP  M=c0.ASM     ACBP=28
 0000:0312 02A7 C=CODE   S=_TEXT          G=DGROUP  M=main.asm   ACBP=48
 0000:05BA 014B C=CODE   S=_TEXT          G=DGROUP  M=int21h.asm ACBP=48
 0000:0706 01E7 C=CODE   S=_TEXT          G=DGROUP  M=infect.asm ACBP=48
 0000:08EE 02A8 C=CODE   S=_TEXT          G=DGROUP  M=poly.asm   ACBP=48
 0000:0B96 0033 C=CODE   S=_TEXT          G=DGROUP  M=vdata.asm  ACBP=48
 0000:0BC9 0024 C=CODE   S=_TEXT          G=DGROUP  M=ATEXIT     ACBP=28
 0000:0BED 0024 C=CODE   S=_TEXT          G=DGROUP  M=EXIT       ACBP=28
 0000:0C11 0082 C=CODE   S=_TEXT          G=DGROUP  M=FFLUSH     ACBP=28
 0000:0C93 0000 C=CODE   S=_TEXT          G=DGROUP  M=FILES      ACBP=28
 0000:0C93 0000 C=CODE   S=_TEXT          G=DGROUP  M=FILES2     ACBP=28
 0000:0C93 0036 C=CODE   S=_TEXT          G=DGROUP  M=FLUSHALL   ACBP=28
 0000:0CC9 0109 C=CODE   S=_TEXT          G=DGROUP  M=FSEEK      ACBP=28
 0000:0DD2 0000 C=CODE   S=_TEXT          G=DGROUP  M=HEAPLEN    ACBP=28
 0000:0DD2 0069 C=CODE   S=_TEXT          G=DGROUP  M=SETUPIO    ACBP=28
 0000:0E3B 00CC C=CODE   S=_TEXT          G=DGROUP  M=SETVBUF    ACBP=28
 0000:0F07 0000 C=CODE   S=_TEXT          G=DGROUP  M=STKLEN     ACBP=28
 0000:0F07 0018 C=CODE   S=_TEXT          G=DGROUP  M=TELL       ACBP=28
 0000:0F1F 00F3 C=CODE   S=_TEXT          G=DGROUP  M=WRITE      ACBP=28
 0000:1012 0021 C=CODE   S=_TEXT          G=DGROUP  M=XFFLUSH    ACBP=28
 0000:1033 006F C=CODE   S=_TEXT          G=DGROUP  M=BRK        ACBP=28
 0000:10A2 003D C=CODE   S=_TEXT          G=DGROUP  M=IOERROR    ACBP=28
 0000:10DF 0011 C=CODE   S=_TEXT          G=DGROUP  M=ISATTY     ACBP=28
 0000:10F0 0029 C=CODE   S=_TEXT          G=DGROUP  M=LSEEK      ACBP=28
 0000:1119 0047 C=CODE   S=_TEXT          G=DGROUP  M=WRITEA     ACBP=28
 0000:1160 0277 C=CODE   S=_TEXT          G=DGROUP  M=NEARHEAP   ACBP=68
 0000:13E0 0000 C=FAR_DATA S=_FARDATA       G=DGROUP  M=c0.ASM     ACBP=68
 0000:13E0 0000 C=INITDATA S=_INIT_         G=DGROUP  M=c0.ASM     ACBP=48
 0000:13E0 0006 C=INITDATA S=_INIT_         G=DGROUP  M=SETUPIO    ACBP=48
 0000:13E6 0000 C=INITDATA S=_INITEND_      G=DGROUP  M=c0.ASM     ACBP=28
 0000:13E6 0000 C=EXITDATA S=_EXIT_         G=DGROUP  M=c0.ASM     ACBP=48
 0000:13E6 0000 C=EXITDATA S=_EXITEND_      G=DGROUP  M=c0.ASM     ACBP=28
 0000:13F0 008F C=DATA   S=_DATA          G=DGROUP  M=c0.ASM     ACBP=68
 0000:1480 0000 C=DATA   S=_DATA          G=DGROUP  M=main.asm   ACBP=48
 0000:1480 0000 C=DATA   S=_DATA          G=DGROUP  M=int21h.asm ACBP=48
 0000:1480 0000 C=DATA   S=_DATA          G=DGROUP  M=infect.asm ACBP=48
 0000:1480 0000 C=DATA   S=_DATA          G=DGROUP  M=poly.asm   ACBP=48
 0000:1480 0000 C=DATA   S=_DATA          G=DGROUP  M=vdata.asm  ACBP=48
 0000:1480 0002 C=DATA   S=_DATA          G=DGROUP  M=ATEXIT     ACBP=48
 0000:1482 0006 C=DATA   S=_DATA          G=DGROUP  M=EXIT       ACBP=48
 0000:1488 0000 C=DATA   S=_DATA          G=DGROUP  M=FFLUSH     ACBP=48
 0000:1488 0140 C=DATA   S=_DATA          G=DGROUP  M=FILES      ACBP=48
 0000:15C8 0028 C=DATA   S=_DATA          G=DGROUP  M=FILES2     ACBP=48
 0000:15F0 0000 C=DATA   S=_DATA          G=DGROUP  M=FLUSHALL   ACBP=48
 0000:15F0 0000 C=DATA   S=_DATA          G=DGROUP  M=FSEEK      ACBP=48
 0000:15F0 0002 C=DATA   S=_DATA          G=DGROUP  M=HEAPLEN    ACBP=48
 0000:15F2 0000 C=DATA   S=_DATA          G=DGROUP  M=SETUPIO    ACBP=48
 0000:15F2 0004 C=DATA   S=_DATA          G=DGROUP  M=SETVBUF    ACBP=48
 0000:15F6 0002 C=DATA   S=_DATA          G=DGROUP  M=STKLEN     ACBP=48
 0000:15F8 0000 C=DATA   S=_DATA          G=DGROUP  M=TELL       ACBP=48
 0000:15F8 0000 C=DATA   S=_DATA          G=DGROUP  M=WRITE      ACBP=48
 0000:15F8 0000 C=DATA   S=_DATA          G=DGROUP  M=XFFLUSH    ACBP=48
 0000:15F8 0000 C=DATA   S=_DATA          G=DGROUP  M=BRK        ACBP=48
 0000:15F8 005B C=DATA   S=_DATA          G=DGROUP  M=IOERROR    ACBP=48
 0000:1654 0000 C=DATA   S=_DATA          G=DGROUP  M=ISATTY     ACBP=48
 0000:1654 0000 C=DATA   S=_DATA          G=DGROUP  M=LSEEK      ACBP=48
 0000:1654 0000 C=DATA   S=_DATA          G=DGROUP  M=WRITEA     ACBP=48
 0000:1654 0006 C=DATA   S=_DATA          G=DGROUP  M=NEARHEAP   ACBP=48
 0000:165A 0000 C=DATA   S=_CVTSEG        G=DGROUP  M=c0.ASM     ACBP=48
 0000:165A 0000 C=DATA   S=_SCNSEG        G=DGROUP  M=c0.ASM     ACBP=48
 0000:165A 0000 C=BSS    S=_BSS           G=DGROUP  M=c0.ASM     ACBP=48
 0000:165A 0040 C=BSS    S=_BSS           G=DGROUP  M=ATEXIT     ACBP=48
 0000:169A 0000 C=BSS    S=_BSS           G=DGROUP  M=SETUPIO    ACBP=48
 0000:169A 0000 C=BSS    S=_BSS           G=DGROUP  M=BRK        ACBP=48
 0000:169A 0000 C=BSS    S=_BSS           G=DGROUP  M=IOERROR    ACBP=48
 0000:169A 0000 C=BSS    S=_BSS           G=DGROUP  M=ISATTY     ACBP=48
 0000:169A 0000 C=BSS    S=_BSS           G=DGROUP  M=LSEEK      ACBP=48
 0000:169A 0000 C=BSS    S=_BSS           G=DGROUP  M=WRITEA     ACBP=48
 0000:169A 0000 C=ENDBSS S=_BSSEND        G=DGROUP  M=c0.ASM     ACBP=28
 0000:16A0 0300 C=STACK  S=STACK          G=DGROUP  M=main.asm   ACBP=74

  Address         Publics by Name

 0000:0BAD       Clean_EXE_Header
 0000:13F0 idle  DATASEG@
 0000:030D idle  DGROUP@
 0000:06FE       Enable_INT_21h
 0000:0706       Infect
 0000:0B78       Init_Rand
 0000:05BA       Int_21h_Handler
 0000:0B96       Int_21h_Vector
 0000:08C4       IO_21h
 0000:0B9C       Marker
 0000:08EE       Poly_Write
 0000:0B9A       Restore_CS
 0000:04A2       Start_Crypt
 0000:02F8 idle  _abort
 0000:0BC9 idle  _atexit
 0000:1086 idle  _brk
 0000:1469       _errno
 0000:0BEE       _exit
 0000:0C11       _fflush
 0000:0C93       _flushall
 0000:1160       _free
 0000:0D2F       _fseek
 0000:0D91 idle  _ftell
 0000:10DF       _isatty
 0000:10F0       _lseek
 0000:0312       _main
 0000:122F       _malloc
 0000:1386 idle  _realloc
 0000:1092 idle  _sbrk
 0000:0E3B       _setvbuf
 0000:0F07       _tell
 0000:0F1F       _write
 0000:1000 idle  __AHINCR
 0000:000C idle  __AHSHIFT
 0000:1480       __atexitcnt
 0000:165A       __atexittbl
 0000:1477 idle  __brklvl
 0000:1459 idle  __C0argc
 0000:145B idle  __C0argv
 0000:145D idle  __C0environ
 0000:15F8 idle  __doserrno
 0000:15FA idle  __dosErrorToSV
 0000:145F       __envLng
 0000:1461 idle  __envseg
 0000:1463 idle  __envSize
 0000:0223 idle  __exit
 0000:1482       __exitbuf
 0000:0209       __exitclean
 0000:1484       __exitfopen
 0000:1486       __exitopen
 0000:1654 idle  __first
 0000:1473 idle  __heapbase
 0000:15F0       __heaplen
 0000:147B idle  __heaptop
 0000:1449 idle  __Int0Vector
 0000:144D idle  __Int4Vector
 0000:1451 idle  __Int5Vector
 0000:1455 idle  __Int6Vector
 0000:10A2       __IOERROR
 0000:1656 idle  __last
 0000:030F idle  __MMODEL
 0000:15C8       __openfd
 0000:1467 idle  __osmajor
 0000:1468 idle  __osminor
 0000:1465       __psp
 0000:165A idle  __RealCvtVector
 0000:0280 idle  __restorezero
 0000:1658 idle  __rover
 0000:165A idle  __ScanTodVector
 0000:0DD2       __setupio
 0000:146B idle  __StartTime
 0000:15F6       __stklen
 0000:1488       __streams
 0000:1467 idle  __version
 0000:1119       __write
 0000:1012       __xfflush
 0000:1033       ___brk
 0000:1471       ___brklvl
 0000:146F idle  ___heapbase
 0000:1055       ___sbrk

  Address         Publics by Value

 0000:000C idle  __AHSHIFT
 0000:1000 idle  __AHINCR
 0000:0209       __exitclean
 0000:0223 idle  __exit
 0000:0280 idle  __restorezero
 0000:02F8 idle  _abort
 0000:030D idle  DGROUP@
 0000:030F idle  __MMODEL
 0000:0312       _main
 0000:04A2       Start_Crypt
 0000:05BA       Int_21h_Handler
 0000:06FE       Enable_INT_21h
 0000:0706       Infect
 0000:08C4       IO_21h
 0000:08EE       Poly_Write
 0000:0B78       Init_Rand
 0000:0B96       Int_21h_Vector
 0000:0B9A       Restore_CS
 0000:0B9C       Marker
 0000:0BAD       Clean_EXE_Header
 0000:0BC9 idle  _atexit
 0000:0BEE       _exit
 0000:0C11       _fflush
 0000:0C93       _flushall
 0000:0D2F       _fseek
 0000:0D91 idle  _ftell
 0000:0DD2       __setupio
 0000:0E3B       _setvbuf
 0000:0F07       _tell
 0000:0F1F       _write
 0000:1012       __xfflush
 0000:1033       ___brk
 0000:1055       ___sbrk
 0000:1086 idle  _brk
 0000:1092 idle  _sbrk
 0000:10A2       __IOERROR
 0000:10DF       _isatty
 0000:10F0       _lseek
 0000:1119       __write
 0000:1160       _free
 0000:122F       _malloc
 0000:1386 idle  _realloc
 0000:13F0 idle  DATASEG@
 0000:1449 idle  __Int0Vector
 0000:144D idle  __Int4Vector
 0000:1451 idle  __Int5Vector
 0000:1455 idle  __Int6Vector
 0000:1459 idle  __C0argc
 0000:145B idle  __C0argv
 0000:145D idle  __C0environ
 0000:145F       __envLng
 0000:1461 idle  __envseg
 0000:1463 idle  __envSize
 0000:1465       __psp
 0000:1467 idle  __osmajor
 0000:1467 idle  __version
 0000:1468 idle  __osminor
 0000:1469       _errno
 0000:146B idle  __StartTime
 0000:146F idle  ___heapbase
 0000:1471       ___brklvl
 0000:1473 idle  __heapbase
 0000:1477 idle  __brklvl
 0000:147B idle  __heaptop
 0000:1480       __atexitcnt
 0000:1482       __exitbuf
 0000:1484       __exitfopen
 0000:1486       __exitopen
 0000:1488       __streams
 0000:15C8       __openfd
 0000:15F0       __heaplen
 0000:15F6       __stklen
 0000:15F8 idle  __doserrno
 0000:15FA idle  __dosErrorToSV
 0000:1654 idle  __first
 0000:1656 idle  __last
 0000:1658 idle  __rover
 0000:165A idle  __ScanTodVector
 0000:165A idle  __RealCvtVector
 0000:165A       __atexittbl

Program entry point at 0000:0100

